// Jest Snapshot v1, https://goo.gl/fbAQLP

exports[`Components: Header Header should show cart dropdown 1`] = `
<HeaderContainer>
  <LogoContainer
    to="/"
  >
    <ForwardRef(SvgCrown) />
  </LogoContainer>
  <OptionsContainer>
    <withRouter(Connect(SearchBar)) />
    <OptionLink
      to="/shop"
    >
      SHOP
    </OptionLink>
    <OptionLink
      to="/contact"
    >
      CONTACT
    </OptionLink>
    <OptionLink
      to="/signing"
    >
      SIGN IN
    </OptionLink>
    <Connect(CartIcon) />
  </OptionsContainer>
  <withRouter(Connect(CartDropdown)) />
</HeaderContainer>
`;
