// Jest Snapshot v1, https://goo.gl/fbAQLP

exports[`Cart Item Component should match snapshot 1`] = `
<styled.div>
  <img
    alt="item"
    src="somepath"
  />
  <styled.div>
    <styled.span>
      name
    </styled.span>
    <styled.span>
      15x100
    </styled.span>
  </styled.div>
</styled.div>
`;
